============================= test session starts =============================
platform win32 -- Python 3.12.12, pytest-9.0.2, pluggy-1.6.0 -- C:\Users\joaoc\Projects\game-night-decider\.venv\Scripts\python.exe
cachedir: .pytest_cache
rootdir: C:\Users\joaoc\Projects\game-night-decider
configfile: pyproject.toml
plugins: anyio-4.12.1, asyncio-1.3.0, cov-7.0.0
asyncio: mode=Mode.AUTO, debug=False, asyncio_default_fixture_loop_scope=None, asyncio_default_test_loop_scope=function
collecting ... collected 3 items

tests/test_priority.py::test_priority_game_scoping PASSED                [ 33%]
tests/test_priority.py::test_priority_game_exact_match PASSED            [ 66%]
tests/test_priority.py::test_priority_game_ambiguous PASSED              [100%]

=============================== tests coverage ================================
______________ coverage: platform win32, python 3.12.12-final-0 _______________

Name                   Stmts   Miss  Cover   Missing
----------------------------------------------------
src\__init__.py            0      0   100%
src\bot\__init__.py        0      0   100%
src\bot\handlers.py      617    565     8%   19-45, 52-69, 73-182, 187-260, 268-325, 333-399, 408-497, 507-552, 556-589, 595-596, 628, 643, 648-812, 820-923, 927-962, 970-1107, 1112-1142, 1151-1178, 1187-1279, 1290-1309
src\bot\main.py           40     40     0%   1-66
src\core\__init__.py       0      0   100%
src\core\bgg.py          148    131    11%   19-24, 37-87, 90-140, 153-171, 175-195, 207-225, 229-278
src\core\db.py            22      9    59%   16, 19-20, 27-32, 36-37
src\core\logic.py         37     34     8%   12-64
src\core\models.py        49      0   100%
----------------------------------------------------
TOTAL                    913    779    15%
============================== 3 passed in 4.22s ==============================
